[
    "\"foo\/bar\": \"3.4.5\"",
    "\"bar\/baz\": \"3.4.5\""
]