Normal \033[102mBg_light_green\033[0m Normal\033[0m