Normal \033[107mBg_light_white\033[0m Normal\033[0m