Normal \033[104mBg_light_blue\033[0m Normal\033[0m