normal [\e[5;43mm warning [\e[31;2;43mmwarning and notice [1mbold[0m[\e[5;43mm[\e[31;2;43mm[0m[\e[5;43mm notice[0m normal[0m