Normal \033[106mBg_light_cyan\033[0m Normal\033[0m