Normal \033[105mBg_light_magenta\033[0m Normal\033[0m