#0 closure://static function () {
   1|            $set = 'foo';
   2|            $bar = 'bar';
   3|
[35m > 4|            self::throwingMethod();[0m
   5|        }(4): lucatume\WPBrowser\Process\SerializableThrowableTest::throwingMethod()
#1 [internal function]: lucatume\WPBrowser\Process\SerializableThrowableTest::{closure}()
#2 /vendor/opis/closure/src/SerializableClosure.php(109): call_user_func_array()
#3 /tests/unit/lucatume/WPBrowser/Process/SerializableThrowableTest.php(58): Opis\Closure\SerializableClosure->__invoke()
#4 /vendor/phpunit/phpunit/src/Framework/TestCase.php(1608): lucatume\WPBrowser\Process\SerializableThrowableTest->should_pretty_print_serialized_closure_entry()
#5 /vendor/phpunit/phpunit/src/Framework/TestCase.php(1214): PHPUnit\Framework\TestCase->runTest()
#6 /vendor/codeception/codeception/src/Codeception/Test/TestCaseWrapper.php(148): PHPUnit\Framework\TestCase->runBare()
#7 /vendor/codeception/codeception/src/Codeception/Test/Test.php(170): Codeception\Test\TestCaseWrapper->test()
#8 /vendor/codeception/codeception/src/Codeception/Suite.php(130): Codeception\Test\Test->realRun()
#9 /vendor/codeception/codeception/src/Codeception/SuiteManager.php(148): Codeception\Suite->run()
#10 /vendor/codeception/codeception/src/Codeception/Codecept.php(260): Codeception\SuiteManager->run()
#11 /vendor/codeception/codeception/src/Codeception/Codecept.php(216): Codeception\Codecept->runSuite()
#12 /vendor/codeception/codeception/src/Codeception/Command/Run.php(646): Codeception\Codecept->run()
#13 /vendor/codeception/codeception/src/Codeception/Command/Run.php(467): Codeception\Command\Run->runSuites()
#14 /vendor/symfony/console/Command/Command.php(298): Codeception\Command\Run->execute()
#15 /vendor/symfony/console/Application.php(1040): Symfony\Component\Console\Command\Command->run()
#16 /vendor/symfony/console/Application.php(301): Symfony\Component\Console\Application->doRunCommand()
#17 /vendor/symfony/console/Application.php(171): Symfony\Component\Console\Application->doRun()
#18 /vendor/codeception/codeception/src/Codeception/Application.php(112): Symfony\Component\Console\Application->run()
#19 /vendor/codeception/codeception/app.php(45): Codeception\Application->run()
#20 [internal function]: {closure}()
#21 /vendor/codeception/codeception/app.php(46): call_user_func()
#22 /vendor/codeception/codeception/codecept(7): require()
#23 /vendor/bin/codecept(120): include()
#24 {main}