[
    {
        "isException": false,
        "exceptionClass": "",
        "date": "17-Mar-2023",
        "time": "16:54:06",
        "timezone": "Europe\/Paris",
        "type": "Runtime warning",
        "message": "count(): Parameter must be an array or an object that implements Countable",
        "file": "\/src\/Process\/Worker\/worker-script.php ",
        "line": 15,
        "trace": []
    }
]