[
    {
        "isException": false,
        "exceptionClass": null,
        "date": "17-Mar-2023",
        "time": "16:54:06",
        "timezone": "Europe\/Paris",
        "type": "User notice",
        "message": "Cannot use output buffering in output buffering display handlers",
        "file": "\/src\/Process\/Worker\/worker-script.php ",
        "line": "15",
        "trace": []
    }
]