[
    {
        "isException": false,
        "exceptionClass": null,
        "date": "17-Mar-2023",
        "time": "16:54:06",
        "timezone": "Europe\/Paris",
        "type": "Core warning",
        "message": "Unknown: Cannot use output buffering",
        "file": "output buffering display handlers in Unknown ",
        "line": "0",
        "trace": []
    }
]