[
    {
        "isException": true,
        "exceptionClass": "RuntimeException",
        "date": "17-Mar-2023",
        "time": "16:23:28",
        "timezone": "Europe\/Paris",
        "type": "Fatal error",
        "message": "Uncaught RuntimeException: This file is not meant to be executed directly.",
        "file": "\/src\/Process\/Worker\/worker-script.php",
        "line": 12,
        "trace": [
            {
                "date": "17-Mar-2023",
                "time": "16:23:28",
                "timezone": "Europe\/Paris",
                "call": "n\/a",
                "args": "n\/a",
                "file": "\/src\/Process\/Worker\/worker-script.php",
                "line": 12
            }
        ]
    }
]