[
    {
        "isException": false,
        "exceptionClass": null,
        "date": "17-Mar-2023",
        "time": "10:21:16",
        "timezone": "Europe\/Paris",
        "type": "Warning",
        "message": "Undefined array key \"__composer_autoload_file\"",
        "file": "\/src\/Process\/Protocol\/Control.php ",
        "line": "16",
        "trace": [
            {
                "date": "17-Mar-2023",
                "time": "10:21:16",
                "timezone": "Europe\/Paris",
                "call": "{main}",
                "args": "",
                "file": "\/src\/Process\/Worker\/worker-script.php",
                "line": "0"
            },
            {
                "date": "17-Mar-2023",
                "time": "10:21:16",
                "timezone": "Europe\/Paris",
                "call": "lucatume\\WPBrowser\\Process\\Protocol\\Request::fromPayload",
                "args": "$encodedPayload = 'JDIzNzcNCmE6NDp7czoxMjoiYXV0b2xvYWRGaWxlIjtzOjUwOiIvVXNlcnMvbHVjYXR1bWUvb3NzL3dwLWJyb3dzZXIvdmVuZG9yL2F1dG9sb2FkLnBocCI7czoxMjoicmVxdWlyZUZpbGVzIjthOjE6e2k6MDtzOjg0OiIvVXNlcnMvbHVjYXR1bWUvb3NzL3dwLWJyb3dzZXIvdGVzdHMvdW5pdC9sdWNhdHVtZS9XUEJyb3dzZXIvTW9kdWxlL1dQTG9hZGVyVGVzdC5waHAiO31zOjM6ImN3ZCI7czo4MDoiL1VzZXJzL2x1Y2F0dW1lL29zcy93cC1icm93c2VyL3Zhci90bXAvd3Bsb2FkZXJfMDU1ZDhmMDYxZWM5NDhkY2VlM2Y4YWM5OTIzYzIxMzIiO3M6MTc6ImNvZGVjZXB0aW9uQ29uZmlnIjthOjE3OntzOjU6ImFjdG9yIjtzOjY6IlRlc3RlciI7czo1OiJwYXRocyI7YTo1Ontz'...",
                "file": "\/src\/Process\/Worker\/worker-script.php",
                "line": "13"
            },
            {
                "date": "17-Mar-2023",
                "time": "10:21:16",
                "timezone": "Europe\/Paris",
                "call": "lucatume\\WPBrowser\\Process\\Protocol\\Control->__construct",
                "args": "$controlArray = ['autoloadFile' => '\/vendor\/autoload.php', 'requireFiles' => [0 => '\/tests\/unit\/lucatume\/WPBrowser\/Module\/WPLoaderTest.php'], 'cwd' => '\/var\/tmp\/wploader_055d8f061ec948dcee3f8ac9923c2132', 'codeceptionConfig' => ['actor' => 'Tester', 'paths' => [...], 'settings' => [...], 'params' => [...], 'bootstrap' => '_bootstrap.php', 'coverage' => [...], 'wpFolder' => 'var\/wordpress', 'extensions' => [...], 'actor_suffix' => 'Tester', 'support_namespace' => NULL, 'namespace' => '', 'include' => [...], 'extends' => NULL, 'suites' => [...], 'modules' => [...], 'groups' => [...], 'gherkin' => [...]]]",
                "file": "\/src\/Process\/Protocol\/Request.php",
                "line": "54"
            }
        ]
    }
]