[
    {
        "isException": false,
        "exceptionClass": null,
        "date": "17-Mar-2023",
        "time": "16:54:06",
        "timezone": "Europe\/Paris",
        "type": "Recoverable error",
        "message": "Object of class stdClass could not be converted to string",
        "file": "\/src\/Process\/Worker\/worker-script.php ",
        "line": "15",
        "trace": []
    }
]