[
    {
        "isException": false,
        "exceptionClass": "",
        "date": "17-Mar-2023",
        "time": "16:54:06",
        "timezone": "Europe\/Paris",
        "type": "Parse error",
        "message": "syntax error, unexpected '$'",
        "file": "\/src\/Process\/Worker\/worker-script.php ",
        "line": 15,
        "trace": []
    }
]