Method Codeception\Module\WPFilesystem::getBlogUploadsPath expected to be called with arguments:

[96m    [0]  =>  Expected argument of type 'array'.[0m
    [1]  =>  Expected argument of type 'string'.
    [2]  =>  null

Got instead:

[95m    [0]  =>  Instance of 'stdClass'[0m
    [1]  =>  some/file/foo.php
    [2]  =>  null
