{
    "constants": {
        "ABSPATH": "vendor/wordpress/wordpress/",
        "WP_DEFAULT_THEME": "not set",
        "WP_CONTENT_DIR": "not set",
        "WP_PLUGIN_DIR": "not set",
        "WP_HOME": "http://wordpress.localhost",
        "WP_SITEURL": "http://wordpress.localhost",
        "WPMU_PLUGIN_DIR": "not set",
        "DB_HOST": "db",
        "DB_NAME": "test",
        "DB_PASSWORD": "password",
        "DB_USER": "root",
        "CUSTOM_USER_TABLE": "not set",
        "CUSTOM_USER_META_TABLE": "not set",
        "DISABLE_WP_CRON": "not set"
    },
    "globals": {
        "table_prefix": "wp_"
    },
    "checks": {
        "Site is multisite": "no",
        "ABSPATH points to valid WordPress directory": "Yes, wp-load.php file found in WordPress root directory.",
        "Database connection works": "Yes, connection successful.",
        "Database structure as expected": "No, structure errors: could not check on the database tables.",
        "Blog installed": "Yes, blog is installed.",
        "Theme :": {
            "template": "foo-bar",
            "stylesheet": "n/a",
            "foo-bar directory not found": "vendor/wordpress/wordpress/wp-content/themes/foo-bar"
        },
        "Must-use plugins health-check:": "mu-plugins directory(wp-content/mu-plugins) does not exist.",
        "Plugins health-check:": {
            "Active plugin [one/one.php]": "file [wp-content/plugins/one/one.php] does not exist.",
            "Active plugin [two/two.php]": "file [wp-content/plugins/two/two.php] does not exist.",
            "Inactive plugin [akismet]": "wp-content/plugins/akismet",
            "Inactive plugin [mu-plugin-1]": "wp-content/plugins/mu-plugin-1",
            "Inactive plugin [test]": "wp-content/plugins/test"
        }
    }
}