{
    "constants": {
        "ABSPATH": "var/wordpress/",
        "WP_DEFAULT_THEME": "not set",
        "WP_CONTENT_DIR": "not set",
        "WP_PLUGIN_DIR": "../../tests/_data/empty",
        "WP_HOME": "http://wordpress.test",
        "WP_SITEURL": "http://wordpress.test",
        "WPMU_PLUGIN_DIR": "../../tests/_data/empty",
        "DB_HOST": "database",
        "DB_NAME": "wordpress",
        "DB_PASSWORD": "password",
        "DB_USER": "root",
        "CUSTOM_USER_TABLE": "not set",
        "CUSTOM_USER_META_TABLE": "not set",
        "DISABLE_WP_CRON": "not set"
    },
    "globals": {
        "table_prefix": "wp_"
    },
    "checks": {
        "Site is multisite": "no",
        "ABSPATH points to valid WordPress directory": "Yes, wp-load.php file found in WordPress root directory.",
        "Database connection works": "Yes, connection successful.",
        "Database structure as expected": "Yes, as expected.",
        "Blog installed": "Yes, blog is installed.",
        "Theme :": {
            "template": "twentytwentyone",
            "stylesheet": "twentytwentyone",
            "twentytwentyone directory": "var/wordpress/wp-content/themes/twentytwentyone"
        },
        "Must-use plugins health-check:": "No mu-plugins found in mu-plugins directory.",
        "Plugins health-check:": {
            "Active plugin [airplane-mode/airplane-mode.php]": "file [../../tests/_data/empty/airplane-mode/airplane-mode.php] does not exist."
        }
    }
}