{
    "constants": {
        "ABSPATH": "var/wordpress/",
        "WP_DEFAULT_THEME": "not set",
        "WP_CONTENT_DIR": "not set",
        "WP_PLUGIN_DIR": "not set",
        "WP_HOME": "http://wordpress.test",
        "WP_SITEURL": "http://wordpress.test",
        "WPMU_PLUGIN_DIR": "not set",
        "DB_HOST": "database",
        "DB_NAME": "wordpress",
        "DB_PASSWORD": "password",
        "DB_USER": "root",
        "CUSTOM_USER_TABLE": "not set",
        "CUSTOM_USER_META_TABLE": "not set",
        "DISABLE_WP_CRON": "not set"
    },
    "globals": {
        "table_prefix": "wp_"
    },
    "checks": {
        "Site is multisite": "yes",
        "ABSPATH points to valid WordPress directory": "No, wp-load.php file not found in WordPress root directory.",
        "Database connection works": "Yes, connection successful.",
        "Database structure as expected": "No, structure errors: could not check on the database tables.",
        "Blog installed": "No, blog is not installed: database table [wp_blogs] does not contain a blog with domain [foo.bar].",
        "Theme :": {
            "template": "dummy",
            "stylesheet": "dummy",
            "dummy directory": "tests/_data/themes/dummy"
        },
        "Must-use plugins health-check:": "Cannot check on mu-plugins as root directory is not valid.",
        "Plugins health-check:": "Cannot check on plugins as root directory is not valid."
    }
}