{
    "constants": {
        "ABSPATH": "_wordpress/wordpress/",
        "WP_DEFAULT_THEME": "not set",
        "WP_CONTENT_DIR": "not set",
        "WP_PLUGIN_DIR": "../../tests/_data/empty",
        "WP_HOME": "http://wordpress.test",
        "WP_SITEURL": "http://wordpress.test",
        "WPMU_PLUGIN_DIR": "not set",
        "DB_HOST": "wp-browser_db",
        "DB_NAME": "wp-browser",
        "DB_PASSWORD": "wp-browser",
        "DB_USER": "wp-browser",
        "CUSTOM_USER_TABLE": "not set",
        "CUSTOM_USER_META_TABLE": "not set",
        "DISABLE_WP_CRON": "not set"
    },
    "globals": {
        "table_prefix": "wp_"
    },
    "checks": {
        "Site is multisite": "no",
        "ABSPATH points to valid WordPress directory": "Yes, wp-load.php file found in WordPress root directory.",
        "Database connection works": "Yes, connection successful.",
        "Database structure as expected": "Yes, as expected.",
        "Blog installed": "Yes, blog is installed.",
        "Theme :": {
            "template": "twentytwentyone",
            "stylesheet": "twentytwentyone",
            "twentytwentyone directory": "_wordpress/wordpress/wp-content/themes/twentytwentyone"
        },
        "Must-use plugins health-check:": "mu-plugins directory (wp-content/mu-plugins) does not exist.",
        "Plugins health-check:": {
            "Active plugin [airplane-mode/airplane-mode.php]": "file [../../tests/_data/empty/airplane-mode/airplane-mode.php] does not exist."
        }
    }
}