run:all-Runs all the test suites, each in a separate process.