
[34mtest[0m - version [1m1.0.0[0m

Commands:

[32mhelp                      [0mDisplays the application help text.[0m
[32mgreet                     [0mGreet[0m
