
test

Signature: [32mtest [--dry-run]* [--help][0m

Arguments:
  
  
Options:
  [32m--dry-run[0m  (0-n) _help_
  [32m--help[0m     Display this help text
  
