
test

Signature: [32mtest [-d] [--help][0m

Arguments:

  This command does not support any argument.
  
Options:

  [32m--help                    [0mDisplay the command help text
  [32m-d                        [0m_help_
  [0m
