
test

Signature: [32mtest [--dry-run] [--help][0m

Arguments:

  This command does not support any argument.
  
Options:

  [32m--dry-run                 [0m_help_
  [32m--help                    [0mDisplay the command help text
  [0m
