
test

Signature: [32mtest [-d|--dry-run=]* [--help][0m

Arguments:

  This command does not support any argument.
  
Options:

  [32m--help                    [0mDisplay the command help text
  [32m-d|--dry-run              [0m(req. value, 0-n) _help_
  [0m
