
test

Signature: \033[32mtest test* [--help]\033[0m

Arguments:

  \033[32mtest                      \033[0m(optional, 0-n values) _help_
  
Options:

  \033[32m--help                    \033[0mDisplay the command help text
  \033[0m
