
test

Signature: \033[32mtest [--dry-run=]* [--help]\033[0m

Arguments:

  This command does not support any argument.
  
Options:

  \033[32m--dry-run                 \033[0m(req. value, 0-n) _help_
  \033[32m--help                    \033[0mDisplay the command help text
  \033[0m
