{
    "constants": {
        "ABSPATH": "vendor/wordpress/wordpress/",
        "WP_DEFAULT_THEME": "not set",
        "WP_CONTENT_DIR": "not set",
        "WP_PLUGIN_DIR": "not set",
        "WP_HOME": "http://wordpress.test",
        "WP_SITEURL": "http://wordpress.test",
        "WPMU_PLUGIN_DIR": "not set",
        "DB_HOST": "db",
        "DB_NAME": "test",
        "DB_PASSWORD": "test",
        "DB_USER": "test",
        "CUSTOM_USER_TABLE": "not set",
        "CUSTOM_USER_META_TABLE": "not set",
        "DISABLE_WP_CRON": "not set"
    },
    "globals": {
        "table_prefix": "wp_"
    },
    "checks": {
        "Site is multisite": "yes",
        "ABSPATH points to valid WordPress directory": "No, wp-load.php file not found in WordPress root directory.",
        "Database connection works": "Yes, connection successful.",
        "Database structure as expected": "No, structure errors: some tables are missing (wp_foo, wp_bar)",
        "Blog installed": "No, blog is not installed: database table [wp_blogs] does not contain a blog with domain [foo.bar].",
        "Theme :": {
            "template": "dummy",
            "stylesheet": "test-child-theme",
            "dummy directory": "tests/_data/themes/dummy",
            "test-child-theme directory": "tests/_data/themes/test-child-theme"
        },
        "Must-use plugins health-check:": "Cannot check on mu-plugins as root directory is not valid.",
        "Plugins health-check:": "Cannot check on plugins as root directory is not valid."
    }
}